(node:37) [UNDICI-EHPA] Warning: EnvHttpProxyAgent is experimental, expect them to change at any time.
(Use `node --trace-warnings ...` to show where the warning was created)
npm warn Unknown env config "http-proxy". This will stop working in the next major version of npm.

> looma-web@0.0.1 build
> vite build

(node:50) [UNDICI-EHPA] Warning: EnvHttpProxyAgent is experimental, expect them to change at any time.
(Use `node --trace-warnings ...` to show where the warning was created)
vite v7.1.9 building SSR bundle for production...
transforming...
[baseline-browser-mapping] The data in this module is over two months old.  To ensure accurate Baseline data, please update: `npm i baseline-browser-mapping@latest -D`
Browserslist: browsers data (caniuse-lite) is 12 months old. Please run:
  npx update-browserslist-db@latest
  Why you should do it regularly: https://github.com/browserslist/update-db#readme
✓ 4468 modules transformed.
rendering chunks...
(node:50) [UNDICI-EHPA] Warning: EnvHttpProxyAgent is experimental, expect them to change at any time.
(Use `node --trace-warnings ...` to show where the warning was created)
vite v7.1.9 building for production...
transforming...
✓ 4452 modules transformed.
rendering chunks...
computing gzip size...
.svelte-kit/output/client/_app/version.json                                            0.03 kB │ gzip:   0.05 kB
.svelte-kit/output/client/.vite/manifest.json                                         73.86 kB │ gzip:   7.61 kB
.svelte-kit/output/client/_app/immutable/assets/GlassCard.10PP2Xkh.css                 0.04 kB │ gzip:   0.06 kB
.svelte-kit/output/client/_app/immutable/assets/ShardIcon.B-OjBBnx.css                 0.20 kB │ gzip:   0.16 kB
.svelte-kit/output/client/_app/immutable/assets/61.ChDSmLVA.css                        0.22 kB │ gzip:   0.15 kB
.svelte-kit/output/client/_app/immutable/assets/4.BRzaXCA4.css                         0.29 kB │ gzip:   0.18 kB
.svelte-kit/output/client/_app/immutable/assets/AchievementIcon.DRcV6Ddi.css           0.30 kB │ gzip:   0.19 kB
.svelte-kit/output/client/_app/immutable/assets/EmotionalChip.CR8tWiST.css             0.35 kB │ gzip:   0.21 kB
.svelte-kit/output/client/_app/immutable/assets/58.D1_CR3Bh.css                        0.43 kB │ gzip:   0.28 kB
.svelte-kit/output/client/_app/immutable/assets/Modal.DtoW4dtn.css                     0.70 kB │ gzip:   0.26 kB
.svelte-kit/output/client/_app/immutable/assets/57.DodlhwO0.css                        0.72 kB │ gzip:   0.41 kB
.svelte-kit/output/client/_app/immutable/assets/60.Ckin4heU.css                        0.81 kB │ gzip:   0.45 kB
.svelte-kit/output/client/_app/immutable/assets/BondMilestonesPanel.UjX2RaXc.css       0.86 kB │ gzip:   0.36 kB
.svelte-kit/output/client/_app/immutable/assets/31.gHn0B-A9.css                        1.25 kB │ gzip:   0.53 kB
.svelte-kit/output/client/_app/immutable/assets/BackgroundStack.CEFzgcDO.css           1.27 kB │ gzip:   0.55 kB
.svelte-kit/output/client/_app/immutable/assets/55.Di0BQsTx.css                        1.42 kB │ gzip:   0.59 kB
.svelte-kit/output/client/_app/immutable/assets/ParticlesLayer.7_XpWS9k.css            1.43 kB │ gzip:   0.52 kB
.svelte-kit/output/client/_app/immutable/assets/MemvoyaBrand.xAAEJGgH.css              1.45 kB │ gzip:   0.55 kB
.svelte-kit/output/client/_app/immutable/assets/27.PC4nIBCO.css                        1.55 kB │ gzip:   0.54 kB
.svelte-kit/output/client/_app/immutable/assets/34.CGfPrHHc.css                        1.56 kB │ gzip:   0.55 kB
.svelte-kit/output/client/_app/immutable/assets/25.Ctr0XEhv.css                        1.58 kB │ gzip:   0.61 kB
.svelte-kit/output/client/_app/immutable/assets/10.CaIgfELM.css                        1.62 kB │ gzip:   0.68 kB
.svelte-kit/output/client/_app/immutable/assets/33.jN5dWB8N.css                        1.67 kB │ gzip:   0.63 kB
.svelte-kit/output/client/_app/immutable/assets/35.1sfE0Cvg.css                        1.89 kB │ gzip:   0.79 kB
.svelte-kit/output/client/_app/immutable/assets/6.BxzHtcdD.css                         1.95 kB │ gzip:   0.79 kB
.svelte-kit/output/client/_app/immutable/assets/20.BGf_Sugm.css                        2.04 kB │ gzip:   0.70 kB
.svelte-kit/output/client/_app/immutable/assets/28.BVBmakOD.css                        2.10 kB │ gzip:   0.81 kB
.svelte-kit/output/client/_app/immutable/assets/LeaderboardList.BN32Jc8O.css           2.14 kB │ gzip:   0.77 kB
.svelte-kit/output/client/_app/immutable/assets/9.kViTm-fk.css                         2.16 kB │ gzip:   0.81 kB
.svelte-kit/output/client/_app/immutable/assets/63.C3NJvQnI.css                        2.21 kB │ gzip:   0.71 kB
.svelte-kit/output/client/_app/immutable/assets/relationshipState.BPWZWpZh.css         2.23 kB │ gzip:   0.83 kB
.svelte-kit/output/client/_app/immutable/assets/SanctuaryPageFrame.DP75m2La.css        2.87 kB │ gzip:   1.22 kB
.svelte-kit/output/client/_app/immutable/assets/14.DzPdKeFd.css                        2.90 kB │ gzip:   0.94 kB
.svelte-kit/output/client/_app/immutable/assets/21.DoCdKDy8.css                        2.91 kB │ gzip:   0.86 kB
.svelte-kit/output/client/_app/immutable/assets/26.C5044Zyh.css                        3.02 kB │ gzip:   0.97 kB
.svelte-kit/output/client/_app/immutable/assets/3.Dkcs-Dml.css                         3.23 kB │ gzip:   1.05 kB
.svelte-kit/output/client/_app/immutable/assets/18.B35DV8r7.css                        3.26 kB │ gzip:   1.04 kB
.svelte-kit/output/client/_app/immutable/assets/19.fe5Z0QKQ.css                        3.28 kB │ gzip:   1.04 kB
.svelte-kit/output/client/_app/immutable/assets/AchievementShareCard.CEeb0bMT.css      3.76 kB │ gzip:   1.20 kB
.svelte-kit/output/client/_app/immutable/assets/5.2084XtI7.css                         3.85 kB │ gzip:   1.42 kB
.svelte-kit/output/client/_app/immutable/assets/store.Dfzj4XLS.css                     3.89 kB │ gzip:   1.37 kB
.svelte-kit/output/client/_app/immutable/assets/AchievementsPanel.CJlE1hdI.css         3.99 kB │ gzip:   1.27 kB
.svelte-kit/output/client/_app/immutable/assets/43.DLnPuQeo.css                        4.19 kB │ gzip:   1.14 kB
.svelte-kit/output/client/_app/immutable/assets/CompanionCard.g7JMGbmv.css             4.33 kB │ gzip:   1.30 kB
.svelte-kit/output/client/_app/immutable/assets/11.YQdGbjNP.css                        4.60 kB │ gzip:   1.46 kB
.svelte-kit/output/client/_app/immutable/assets/12.DjgBgmv2.css                        4.68 kB │ gzip:   1.47 kB
.svelte-kit/output/client/_app/immutable/assets/36.DxG25BhA.css                        4.75 kB │ gzip:   1.43 kB
.svelte-kit/output/client/_app/immutable/assets/62.CRvL-sic.css                        4.99 kB │ gzip:   1.41 kB
.svelte-kit/output/client/_app/immutable/assets/15.CIcipLA9.css                        5.25 kB │ gzip:   1.59 kB
.svelte-kit/output/client/_app/immutable/assets/42.D3PDHopC.css                        5.48 kB │ gzip:   1.39 kB
.svelte-kit/output/client/_app/immutable/assets/49.yGe5uqi-.css                        5.59 kB │ gzip:   1.69 kB
.svelte-kit/output/client/_app/immutable/assets/44.D0a0KCLb.css                        6.37 kB │ gzip:   1.44 kB
.svelte-kit/output/client/_app/immutable/assets/46.DFA3bgi4.css                        6.58 kB │ gzip:   1.56 kB
.svelte-kit/output/client/_app/immutable/assets/53.DuqEYl_M.css                        6.69 kB │ gzip:   1.98 kB
.svelte-kit/output/client/_app/immutable/assets/16.7bjM2ic2.css                        7.11 kB │ gzip:   1.84 kB
.svelte-kit/output/client/_app/immutable/assets/ProfileFeed.T0ru-b-H.css               7.21 kB │ gzip:   1.88 kB
.svelte-kit/output/client/_app/immutable/assets/17.DACyaZyi.css                        7.88 kB │ gzip:   2.07 kB
.svelte-kit/output/client/_app/immutable/assets/48.D_8ArjTp.css                        8.35 kB │ gzip:   2.26 kB
.svelte-kit/output/client/_app/immutable/assets/37.D9eqyHCA.css                        8.44 kB │ gzip:   2.12 kB
.svelte-kit/output/client/_app/immutable/assets/45.C3Fl1zSb.css                        8.94 kB │ gzip:   2.50 kB
.svelte-kit/output/client/_app/immutable/assets/FocusedPostPage.ZnJvh7j3.css           9.92 kB │ gzip:   2.46 kB
.svelte-kit/output/client/_app/immutable/assets/47.BSnRyEfr.css                       10.18 kB │ gzip:   2.26 kB
.svelte-kit/output/client/_app/immutable/assets/ProtectedTopbar.I_7qaCjr.css          10.58 kB │ gzip:   2.52 kB
.svelte-kit/output/client/_app/immutable/assets/PostCard.BE6SgpwG.css                 11.48 kB │ gzip:   2.77 kB
.svelte-kit/output/client/_app/immutable/assets/54.n_iQgzXg.css                       12.04 kB │ gzip:   2.52 kB
.svelte-kit/output/client/_app/immutable/assets/29.D64kTKJS.css                       12.72 kB │ gzip:   3.01 kB
.svelte-kit/output/client/_app/immutable/assets/39.BiA2QAbV.css                       13.38 kB │ gzip:   3.28 kB
.svelte-kit/output/client/_app/immutable/assets/40.DvzFZBof.css                       14.82 kB │ gzip:   2.95 kB
.svelte-kit/output/client/_app/immutable/assets/13.BFu7638L.css                       15.33 kB │ gzip:   3.70 kB
.svelte-kit/output/client/_app/immutable/assets/8.BF3OecGT.css                        16.00 kB │ gzip:   3.62 kB
.svelte-kit/output/client/_app/immutable/assets/38.BP3ZURWQ.css                       22.38 kB │ gzip:   5.01 kB
.svelte-kit/output/client/_app/immutable/assets/41.MsP8U8pu.css                       36.36 kB │ gzip:   7.61 kB
.svelte-kit/output/client/_app/immutable/assets/30.BsX_XBSZ.css                       53.02 kB │ gzip:   9.11 kB
.svelte-kit/output/client/_app/immutable/assets/0.DgU5CklL.css                        70.58 kB │ gzip:  13.81 kB
.svelte-kit/output/client/_app/immutable/chunks/Dd-83iUN.js                            0.04 kB │ gzip:   0.06 kB
.svelte-kit/output/client/_app/immutable/chunks/B88imtvQ.js                            0.07 kB │ gzip:   0.08 kB
.svelte-kit/output/client/_app/immutable/chunks/DsnmJJEf.js                            0.07 kB │ gzip:   0.08 kB
.svelte-kit/output/client/_app/immutable/nodes/54.CZ3MxH51.js                          0.07 kB │ gzip:   0.08 kB
.svelte-kit/output/client/_app/immutable/entry/start.Y68moSK0.js                       0.08 kB │ gzip:   0.09 kB
.svelte-kit/output/client/_app/immutable/chunks/DiTpaqUP.js                            0.13 kB │ gzip:   0.12 kB
.svelte-kit/output/client/_app/immutable/chunks/C5vLewoe.js                            0.13 kB │ gzip:   0.13 kB
.svelte-kit/output/client/_app/immutable/chunks/ZrGh2iGv.js                            0.15 kB │ gzip:   0.16 kB
.svelte-kit/output/client/_app/immutable/chunks/BA-tRbaW.js                            0.16 kB │ gzip:   0.15 kB
.svelte-kit/output/client/_app/immutable/chunks/CUc2DW5l.js                            0.18 kB │ gzip:   0.17 kB
.svelte-kit/output/client/_app/immutable/chunks/CdEA5IGF.js                            0.20 kB │ gzip:   0.13 kB
.svelte-kit/output/client/_app/immutable/nodes/2.BiPOTKjg.js                           0.21 kB │ gzip:   0.17 kB
.svelte-kit/output/client/_app/immutable/chunks/BuY0eLyn.js                            0.23 kB │ gzip:   0.18 kB
.svelte-kit/output/client/_app/immutable/chunks/CipHLFL5.js                            0.23 kB │ gzip:   0.16 kB
.svelte-kit/output/client/_app/immutable/nodes/51.CmX0NOqY.js                          0.23 kB │ gzip:   0.18 kB
.svelte-kit/output/client/_app/immutable/nodes/52.CmX0NOqY.js                          0.23 kB │ gzip:   0.18 kB
.svelte-kit/output/client/_app/immutable/chunks/ChuA3XLh.js                            0.25 kB │ gzip:   0.21 kB
.svelte-kit/output/client/_app/immutable/chunks/P_Seecdx.js                            0.25 kB │ gzip:   0.21 kB
.svelte-kit/output/client/_app/immutable/chunks/5osHkA-G.js                            0.26 kB │ gzip:   0.21 kB
.svelte-kit/output/client/_app/immutable/chunks/9mqnm8Jy.js                            0.27 kB │ gzip:   0.21 kB
.svelte-kit/output/client/_app/immutable/chunks/CjIIPfaa.js                            0.28 kB │ gzip:   0.24 kB
.svelte-kit/output/client/_app/immutable/chunks/8aXULu7n.js                            0.29 kB │ gzip:   0.24 kB
.svelte-kit/output/client/_app/immutable/chunks/Dwnsbadl.js                            0.30 kB │ gzip:   0.24 kB
.svelte-kit/output/client/_app/immutable/chunks/lHDP5Agp.js                            0.30 kB │ gzip:   0.22 kB
.svelte-kit/output/client/_app/immutable/nodes/4.D6krS6L5.js                           0.32 kB │ gzip:   0.24 kB
.svelte-kit/output/client/_app/immutable/chunks/BGGTUj09.js                            0.36 kB │ gzip:   0.25 kB
.svelte-kit/output/client/_app/immutable/chunks/YIKf4WkA.js                            0.39 kB │ gzip:   0.29 kB
.svelte-kit/output/client/_app/immutable/chunks/C73ca9yL.js                            0.41 kB │ gzip:   0.29 kB
.svelte-kit/output/client/_app/immutable/chunks/DkEYJCoK.js                            0.41 kB │ gzip:   0.25 kB
.svelte-kit/output/client/_app/immutable/chunks/BcQPpazU.js                            0.42 kB │ gzip:   0.31 kB
.svelte-kit/output/client/_app/immutable/chunks/C_WfuInH.js                            0.42 kB │ gzip:   0.29 kB
.svelte-kit/output/client/_app/immutable/chunks/BQhtJKUN.js                            0.43 kB │ gzip:   0.31 kB
.svelte-kit/output/client/_app/immutable/nodes/7.Na6p_TQA.js                           0.47 kB │ gzip:   0.28 kB
.svelte-kit/output/client/_app/immutable/chunks/Dqfbzp6K.js                            0.48 kB │ gzip:   0.33 kB
.svelte-kit/output/client/_app/immutable/chunks/S9JsUDa2.js                            0.52 kB │ gzip:   0.33 kB
.svelte-kit/output/client/_app/immutable/chunks/CzuNbLsw.js                            0.57 kB │ gzip:   0.33 kB
.svelte-kit/output/client/_app/immutable/chunks/D-fZcIhj.js                            0.58 kB │ gzip:   0.35 kB
.svelte-kit/output/client/_app/immutable/nodes/1.A0TXTdww.js                           0.59 kB │ gzip:   0.36 kB
.svelte-kit/output/client/_app/immutable/chunks/Bk0mX09L.js                            0.59 kB │ gzip:   0.34 kB
.svelte-kit/output/client/_app/immutable/chunks/7ZLns3dD.js                            0.63 kB │ gzip:   0.39 kB
.svelte-kit/output/client/_app/immutable/chunks/DaWZu8wl.js                            0.64 kB │ gzip:   0.35 kB
.svelte-kit/output/client/_app/immutable/chunks/BgtluGxv.js                            0.68 kB │ gzip:   0.40 kB
.svelte-kit/output/client/_app/immutable/chunks/BhKC3W5-.js                            0.72 kB │ gzip:   0.46 kB
.svelte-kit/output/client/_app/immutable/chunks/D8do9p9s.js                            0.78 kB │ gzip:   0.51 kB
.svelte-kit/output/client/_app/immutable/chunks/C1vm7MEk.js                            0.79 kB │ gzip:   0.38 kB
.svelte-kit/output/client/_app/immutable/chunks/Ded2fGe0.js                            0.81 kB │ gzip:   0.51 kB
.svelte-kit/output/client/_app/immutable/chunks/CWvkNQgD.js                            0.84 kB │ gzip:   0.52 kB
.svelte-kit/output/client/_app/immutable/chunks/CTJVKUh_.js                            0.85 kB │ gzip:   0.41 kB
.svelte-kit/output/client/_app/immutable/chunks/BGoFK5C6.js                            0.85 kB │ gzip:   0.52 kB
.svelte-kit/output/client/_app/immutable/nodes/58.COfdjN8t.js                          0.88 kB │ gzip:   0.54 kB
.svelte-kit/output/client/_app/immutable/chunks/XGnY-S_u.js                            0.91 kB │ gzip:   0.53 kB
.svelte-kit/output/client/_app/immutable/chunks/C1gQtbW2.js                            0.92 kB │ gzip:   0.49 kB
.svelte-kit/output/client/_app/immutable/chunks/DbD-5gQy.js                            0.96 kB │ gzip:   0.56 kB
.svelte-kit/output/client/_app/immutable/nodes/3.DRXZ8unH.js                           0.97 kB │ gzip:   0.45 kB
.svelte-kit/output/client/_app/immutable/nodes/60.AHE9zvI3.js                          1.07 kB │ gzip:   0.60 kB
.svelte-kit/output/client/_app/immutable/chunks/X0KAbIz_.js                            1.10 kB │ gzip:   0.60 kB
.svelte-kit/output/client/_app/immutable/chunks/CJNqdtAi.js                            1.13 kB │ gzip:   0.65 kB
.svelte-kit/output/client/_app/immutable/nodes/6.0JIvJWHY.js                           1.19 kB │ gzip:   0.56 kB
.svelte-kit/output/client/_app/immutable/chunks/PPVm8Dsz.js                            1.23 kB │ gzip:   0.71 kB
.svelte-kit/output/client/_app/immutable/chunks/PBWXrRUn.js                            1.31 kB │ gzip:   0.58 kB
.svelte-kit/output/client/_app/immutable/chunks/N-Xbfzor.js                            1.34 kB │ gzip:   0.73 kB
.svelte-kit/output/client/_app/immutable/chunks/DXCAMfZK.js                            1.37 kB │ gzip:   0.74 kB
.svelte-kit/output/client/_app/immutable/chunks/BPdbK3Qi.js                            1.50 kB │ gzip:   0.75 kB
.svelte-kit/output/client/_app/immutable/chunks/BLLMIfNe.js                            1.63 kB │ gzip:   0.83 kB
.svelte-kit/output/client/_app/immutable/chunks/BQcj8oPd.js                            1.67 kB │ gzip:   0.70 kB
.svelte-kit/output/client/_app/immutable/chunks/Bo852eLd.js                            2.03 kB │ gzip:   1.06 kB
.svelte-kit/output/client/_app/immutable/chunks/Bi8speWb.js                            2.07 kB │ gzip:   1.14 kB
.svelte-kit/output/client/_app/immutable/nodes/57.UBK85ryH.js                          2.14 kB │ gzip:   1.08 kB
.svelte-kit/output/client/_app/immutable/chunks/BhG3F3qD.js                            2.15 kB │ gzip:   1.14 kB
.svelte-kit/output/client/_app/immutable/chunks/iBip0xSZ.js                            2.27 kB │ gzip:   1.03 kB
.svelte-kit/output/client/_app/immutable/nodes/61.BUIpNptG.js                          2.40 kB │ gzip:   1.13 kB
.svelte-kit/output/client/_app/immutable/chunks/Bmfv77OV.js                            2.42 kB │ gzip:   1.25 kB
.svelte-kit/output/client/_app/immutable/chunks/DNhbwlSR.js                            2.51 kB │ gzip:   1.13 kB
.svelte-kit/output/client/_app/immutable/chunks/Ds50GDSW.js                            2.66 kB │ gzip:   1.35 kB
.svelte-kit/output/client/_app/immutable/chunks/C17hXHMJ.js                            2.78 kB │ gzip:   1.44 kB
.svelte-kit/output/client/_app/immutable/nodes/0.D-NiIi1j.js                           2.82 kB │ gzip:   1.21 kB
.svelte-kit/output/client/_app/immutable/chunks/CC5EbLWb.js                            2.84 kB │ gzip:   1.40 kB
.svelte-kit/output/client/_app/immutable/nodes/23.C3_GlBf0.js                          2.84 kB │ gzip:   1.28 kB
.svelte-kit/output/client/_app/immutable/nodes/28.BJ1q8MZH.js                          2.89 kB │ gzip:   1.28 kB
.svelte-kit/output/client/_app/immutable/nodes/9.DjJtrkxo.js                           2.89 kB │ gzip:   1.43 kB
.svelte-kit/output/client/_app/immutable/nodes/24.DRV8s4JL.js                          2.97 kB │ gzip:   1.29 kB
.svelte-kit/output/client/_app/immutable/chunks/LonAbH6l.js                            2.97 kB │ gzip:   1.48 kB
.svelte-kit/output/client/_app/immutable/nodes/25.BYnvdG8p.js                          3.01 kB │ gzip:   1.33 kB
.svelte-kit/output/client/_app/immutable/nodes/55.DVZOVjeJ.js                          3.26 kB │ gzip:   1.59 kB
.svelte-kit/output/client/_app/immutable/chunks/D73JeFd2.js                            3.28 kB │ gzip:   1.64 kB
.svelte-kit/output/client/_app/immutable/nodes/20.dl1EDg_a.js                          3.45 kB │ gzip:   1.34 kB
.svelte-kit/output/client/_app/immutable/chunks/C24LY6A8.js                            3.51 kB │ gzip:   1.56 kB
.svelte-kit/output/client/_app/immutable/chunks/BOUMe5S2.js                            3.57 kB │ gzip:   1.25 kB
.svelte-kit/output/client/_app/immutable/chunks/Cn343TVI.js                            3.62 kB │ gzip:   1.45 kB
.svelte-kit/output/client/_app/immutable/chunks/CCrF5Wzv.js                            3.64 kB │ gzip:   1.87 kB
.svelte-kit/output/client/_app/immutable/chunks/DV3Ho2YL.js                            3.75 kB │ gzip:   1.43 kB
.svelte-kit/output/client/_app/immutable/chunks/BOC1d209.js                            3.76 kB │ gzip:   1.89 kB
.svelte-kit/output/client/_app/immutable/nodes/31.Y8S48BX_.js                          3.85 kB │ gzip:   1.74 kB
.svelte-kit/output/client/_app/immutable/nodes/34.BgJ82N9U.js                          3.87 kB │ gzip:   1.77 kB
.svelte-kit/output/client/_app/immutable/nodes/10.D9sGqnaD.js                          4.08 kB │ gzip:   1.88 kB
.svelte-kit/output/client/_app/immutable/chunks/Ca33YeGH.js                            4.33 kB │ gzip:   1.58 kB
.svelte-kit/output/client/_app/immutable/nodes/11.B9lF_d5V.js                          4.35 kB │ gzip:   2.02 kB
.svelte-kit/output/client/_app/immutable/chunks/BJ7yvbBb.js                            4.50 kB │ gzip:   2.12 kB
.svelte-kit/output/client/_app/immutable/chunks/CpHVNj_1.js                            4.53 kB │ gzip:   2.06 kB
.svelte-kit/output/client/_app/immutable/nodes/12.BMhRoP65.js                          4.63 kB │ gzip:   2.10 kB
.svelte-kit/output/client/_app/immutable/chunks/zrK2MDLG.js                            5.22 kB │ gzip:   1.48 kB
.svelte-kit/output/client/_app/immutable/nodes/35.Dp0y0qVn.js                          5.22 kB │ gzip:   2.32 kB
.svelte-kit/output/client/_app/immutable/chunks/Dk3BMfkp.js                            5.71 kB │ gzip:   1.69 kB
.svelte-kit/output/client/_app/immutable/nodes/19.Bn7Vhwna.js                          6.00 kB │ gzip:   2.35 kB
.svelte-kit/output/client/_app/immutable/chunks/BPdtJTOT.js                            6.13 kB │ gzip:   2.67 kB
.svelte-kit/output/client/_app/immutable/nodes/62.B75YgUdD.js                          6.28 kB │ gzip:   2.46 kB
.svelte-kit/output/client/_app/immutable/chunks/B-3sHNNK.js                            6.83 kB │ gzip:   2.52 kB
.svelte-kit/output/client/_app/immutable/nodes/50.C2d99_UU.js                          6.92 kB │ gzip:   2.59 kB
.svelte-kit/output/client/_app/immutable/nodes/26.B69e7njX.js                          7.56 kB │ gzip:   2.50 kB
.svelte-kit/output/client/_app/immutable/nodes/44.PjgnF8Ub.js                          7.66 kB │ gzip:   3.08 kB
.svelte-kit/output/client/_app/immutable/nodes/33.D7Rynn3l.js                          7.77 kB │ gzip:   2.68 kB
.svelte-kit/output/client/_app/immutable/chunks/Bbankwjw.js                            7.94 kB │ gzip:   3.17 kB
.svelte-kit/output/client/_app/immutable/chunks/CU2wGiBs.js                            7.95 kB │ gzip:   3.22 kB
.svelte-kit/output/client/_app/immutable/nodes/8.C4Ch0KHy.js                           7.96 kB │ gzip:   2.38 kB
.svelte-kit/output/client/_app/immutable/chunks/CX-3OXVx.js                            9.08 kB │ gzip:   3.91 kB
.svelte-kit/output/client/_app/immutable/nodes/18.B_c0l55z.js                          9.36 kB │ gzip:   2.78 kB
.svelte-kit/output/client/_app/immutable/nodes/63.DXf3uAXv.js                          9.60 kB │ gzip:   3.88 kB
.svelte-kit/output/client/_app/immutable/nodes/43.CijcbTrg.js                         10.32 kB │ gzip:   3.65 kB
.svelte-kit/output/client/_app/immutable/nodes/32.CipzXwxH.js                         10.56 kB │ gzip:   4.17 kB
.svelte-kit/output/client/_app/immutable/nodes/14.B3PPyJy8.js                         11.00 kB │ gzip:   4.42 kB
.svelte-kit/output/client/_app/immutable/chunks/CP0g8xcb.js                           11.94 kB │ gzip:   4.51 kB
.svelte-kit/output/client/_app/immutable/nodes/21.BWSXLjZJ.js                         12.19 kB │ gzip:   4.10 kB
.svelte-kit/output/client/_app/immutable/nodes/42.B10iC9u7.js                         12.39 kB │ gzip:   4.08 kB
.svelte-kit/output/client/_app/immutable/chunks/bMP5snm8.js                           12.88 kB │ gzip:   5.39 kB
.svelte-kit/output/client/_app/immutable/nodes/36.DXpOrDgE.js                         12.90 kB │ gzip:   4.16 kB
.svelte-kit/output/client/_app/immutable/nodes/37.f-keYWvi.js                         14.24 kB │ gzip:   5.68 kB
.svelte-kit/output/client/_app/immutable/chunks/DBgT28UT.js                           14.24 kB │ gzip:   2.38 kB
.svelte-kit/output/client/_app/immutable/nodes/27.fPjy_z1_.js                         14.49 kB │ gzip:   5.28 kB
.svelte-kit/output/client/_app/immutable/nodes/48.DRJVsgQC.js                         14.71 kB │ gzip:   5.72 kB
.svelte-kit/output/client/_app/immutable/nodes/5.CD7FaMmd.js                          14.84 kB │ gzip:   5.71 kB
.svelte-kit/output/client/_app/immutable/nodes/45.9Da44L_x.js                         17.35 kB │ gzip:   6.72 kB
.svelte-kit/output/client/_app/immutable/chunks/CAIeGAH3.js                           18.61 kB │ gzip:   6.79 kB
.svelte-kit/output/client/_app/immutable/nodes/15.DZiQcmb1.js                         19.18 kB │ gzip:   7.57 kB
.svelte-kit/output/client/_app/immutable/chunks/DA-h9uq-.js                           19.27 kB │ gzip:   2.69 kB
.svelte-kit/output/client/_app/immutable/nodes/49.9GL4V-VH.js                         20.56 kB │ gzip:   7.35 kB
.svelte-kit/output/client/_app/immutable/nodes/29.Bcr9OilL.js                         21.15 kB │ gzip:   6.87 kB
.svelte-kit/output/client/_app/immutable/chunks/D07Xkhg2.js                           21.74 kB │ gzip:   7.68 kB
.svelte-kit/output/client/_app/immutable/nodes/17.BbC27Qi0.js                         22.19 kB │ gzip:   7.23 kB
.svelte-kit/output/client/_app/immutable/nodes/22.CHbkClma.js                         22.35 kB │ gzip:   6.60 kB
.svelte-kit/output/client/_app/immutable/entry/app.C9hdxZUz.js                        22.84 kB │ gzip:   6.56 kB
.svelte-kit/output/client/_app/immutable/chunks/B62Ulaoy.js                           23.49 kB │ gzip:   9.30 kB
.svelte-kit/output/client/_app/immutable/nodes/53.uMG1vYt6.js                         23.66 kB │ gzip:   9.16 kB
.svelte-kit/output/client/_app/immutable/chunks/nvj5HL47.js                           24.79 kB │ gzip:   9.32 kB
.svelte-kit/output/client/_app/immutable/chunks/CkQRAZVb.js                           25.77 kB │ gzip:  10.13 kB
.svelte-kit/output/client/_app/immutable/nodes/38.D7UAIbHR.js                         29.11 kB │ gzip:   9.90 kB
.svelte-kit/output/client/_app/immutable/nodes/16.BAmZXI3l.js                         30.42 kB │ gzip:  11.50 kB
.svelte-kit/output/client/_app/immutable/chunks/Ci1KrQbF.js                           30.53 kB │ gzip:  10.91 kB
.svelte-kit/output/client/_app/immutable/chunks/ulpT1zQX.js                           33.22 kB │ gzip:  12.89 kB
.svelte-kit/output/client/_app/immutable/nodes/47.C4zReBUD.js                         33.30 kB │ gzip:  11.05 kB
.svelte-kit/output/client/_app/immutable/chunks/DUSNRzMF.js                           35.42 kB │ gzip:   8.12 kB
.svelte-kit/output/client/_app/immutable/nodes/40.CZIKJyK0.js                         36.60 kB │ gzip:   9.68 kB
.svelte-kit/output/client/_app/immutable/nodes/13.D5h1909s.js                         38.03 kB │ gzip:  13.43 kB
.svelte-kit/output/client/_app/immutable/chunks/C7qTU2tD.js                           38.57 kB │ gzip:  13.90 kB
.svelte-kit/output/client/_app/immutable/nodes/46.DRdOzfeu.js                         39.10 kB │ gzip:  10.35 kB
.svelte-kit/output/client/_app/immutable/chunks/D6uBILAZ.js                           41.48 kB │ gzip:  14.45 kB
.svelte-kit/output/client/_app/immutable/nodes/39.wd-m2bn0.js                         44.82 kB │ gzip:  14.13 kB
.svelte-kit/output/client/_app/immutable/chunks/BHR9dDuV.js                           45.88 kB │ gzip:  15.41 kB
.svelte-kit/output/client/_app/immutable/chunks/imVbzCbx.js                           46.02 kB │ gzip:   9.41 kB
.svelte-kit/output/client/_app/immutable/chunks/By9teAtI.js                           52.92 kB │ gzip:  12.08 kB
.svelte-kit/output/client/_app/immutable/chunks/5bahbP9t.js                           72.12 kB │ gzip:  21.42 kB
.svelte-kit/output/client/_app/immutable/nodes/41.cZlX9-L0.js                         91.86 kB │ gzip:  24.38 kB
.svelte-kit/output/client/_app/immutable/chunks/CYSHiM40.js                          115.96 kB │ gzip:  36.44 kB
.svelte-kit/output/client/_app/immutable/chunks/Be8zLX4-.js                          129.47 kB │ gzip:  35.27 kB
.svelte-kit/output/client/_app/immutable/nodes/30.BO2goT4O.js                        163.30 kB │ gzip:  45.07 kB
.svelte-kit/output/client/_app/immutable/chunks/TcTN1Swl.js                          439.79 kB │ gzip: 135.95 kB
.svelte-kit/output/client/_app/immutable/chunks/CsSGjdVR.js                          547.37 kB │ gzip: 138.70 kB
.svelte-kit/output/client/_app/immutable/chunks/h3relBbl.js                        1,482.14 kB │ gzip: 340.01 kB

(!) Some chunks are larger than 500 kB after minification. Consider:
- Using dynamic import() to code-split the application
- Use build.rollupOptions.output.manualChunks to improve chunking: https://rollupjs.org/configuration-options/#output-manualchunks
- Adjust chunk size limit for this warning via build.chunkSizeWarningLimit.
✓ built in 49.09s
(node:50) [UNDICI-EHPA] Warning: EnvHttpProxyAgent is experimental, expect them to change at any time.
(Use `node --trace-warnings ...` to show where the warning was created)
.svelte-kit/output/server/.vite/manifest.json                                                             128.38 kB
.svelte-kit/output/server/_app/immutable/assets/GlassCard.10PP2Xkh.css                                      0.04 kB
.svelte-kit/output/server/_app/immutable/assets/ShardIcon.B-OjBBnx.css                                      0.20 kB
.svelte-kit/output/server/_app/immutable/assets/_page.ChDSmLVA.css                                          0.22 kB
.svelte-kit/output/server/_app/immutable/assets/_layout.BRzaXCA4.css                                        0.29 kB
.svelte-kit/output/server/_app/immutable/assets/AchievementIcon.DRcV6Ddi.css                                0.30 kB
.svelte-kit/output/server/_app/immutable/assets/EmotionalChip.CR8tWiST.css                                  0.35 kB
.svelte-kit/output/server/_app/immutable/assets/_page.D1_CR3Bh.css                                          0.43 kB
.svelte-kit/output/server/_app/immutable/assets/Modal.DtoW4dtn.css                                          0.70 kB
.svelte-kit/output/server/_app/immutable/assets/_page.DodlhwO0.css                                          0.72 kB
.svelte-kit/output/server/_app/immutable/assets/_page.Ckin4heU.css                                          0.81 kB
.svelte-kit/output/server/_app/immutable/assets/BondMilestonesPanel.UjX2RaXc.css                            0.86 kB
.svelte-kit/output/server/_app/immutable/assets/_page.gHn0B-A9.css                                          1.25 kB
.svelte-kit/output/server/_app/immutable/assets/BackgroundStack.CEFzgcDO.css                                1.27 kB
.svelte-kit/output/server/_app/immutable/assets/_page.Di0BQsTx.css                                          1.42 kB
.svelte-kit/output/server/_app/immutable/assets/MemvoyaBrand.CYgYHGhn.css                                   1.43 kB
.svelte-kit/output/server/_app/immutable/assets/ParticlesLayer.7_XpWS9k.css                                 1.43 kB
.svelte-kit/output/server/_app/immutable/assets/_page.PC4nIBCO.css                                          1.55 kB
.svelte-kit/output/server/_app/immutable/assets/_page.CGfPrHHc.css                                          1.56 kB
.svelte-kit/output/server/_app/immutable/assets/_page.Ctr0XEhv.css                                          1.58 kB
.svelte-kit/output/server/_app/immutable/assets/_page.CaIgfELM.css                                          1.62 kB
.svelte-kit/output/server/_app/immutable/assets/store.BL7br7Kc.css                                          1.63 kB
.svelte-kit/output/server/_app/immutable/assets/_page.jN5dWB8N.css                                          1.67 kB
.svelte-kit/output/server/_app/immutable/assets/_page.1sfE0Cvg.css                                          1.89 kB
.svelte-kit/output/server/_app/immutable/assets/_page.VF6b9j8L.css                                          1.95 kB
.svelte-kit/output/server/_app/immutable/assets/_layout.BxzHtcdD.css                                        1.95 kB
.svelte-kit/output/server/_app/immutable/assets/_page.BGf_Sugm.css                                          2.04 kB
.svelte-kit/output/server/_app/immutable/assets/_page.BVBmakOD.css                                          2.10 kB
.svelte-kit/output/server/_app/immutable/assets/LeaderboardList.BN32Jc8O.css                                2.14 kB
.svelte-kit/output/server/_app/immutable/assets/_page.kViTm-fk.css                                          2.16 kB
.svelte-kit/output/server/_app/immutable/assets/relationshipState.CG-chGFn.css                              2.19 kB
.svelte-kit/output/server/_app/immutable/assets/_page.C3NJvQnI.css                                          2.21 kB
.svelte-kit/output/server/_app/immutable/assets/SanctuaryPageFrame.DP75m2La.css                             2.87 kB
.svelte-kit/output/server/_app/immutable/assets/_page.DzPdKeFd.css                                          2.90 kB
.svelte-kit/output/server/_app/immutable/assets/_page.DoCdKDy8.css                                          2.91 kB
.svelte-kit/output/server/_app/immutable/assets/_page.C5044Zyh.css                                          3.02 kB
.svelte-kit/output/server/_app/immutable/assets/_layout.Dkcs-Dml.css                                        3.23 kB
.svelte-kit/output/server/_app/immutable/assets/_page.B35DV8r7.css                                          3.26 kB
.svelte-kit/output/server/_app/immutable/assets/_page.fe5Z0QKQ.css                                          3.28 kB
.svelte-kit/output/server/_app/immutable/assets/AchievementShareCard.CEeb0bMT.css                           3.76 kB
.svelte-kit/output/server/_app/immutable/assets/_layout.DJMbNAwr.css                                        3.81 kB
.svelte-kit/output/server/_app/immutable/assets/AchievementsPanel.BkylAW1o.css                              3.96 kB
.svelte-kit/output/server/_app/immutable/assets/_page.DLnPuQeo.css                                          4.19 kB
.svelte-kit/output/server/_app/immutable/assets/CompanionCard.g7JMGbmv.css                                  4.33 kB
.svelte-kit/output/server/_app/immutable/assets/_page.DpBwrYgI.css                                          4.55 kB
.svelte-kit/output/server/_app/immutable/assets/_page.DKfZgyJ0.css                                          4.63 kB
.svelte-kit/output/server/_app/immutable/assets/_page.DxG25BhA.css                                          4.75 kB
.svelte-kit/output/server/_app/immutable/assets/_page.CRvL-sic.css                                          4.99 kB
.svelte-kit/output/server/_app/immutable/assets/_page.CIcipLA9.css                                          5.25 kB
.svelte-kit/output/server/_app/immutable/assets/_page.D3PDHopC.css                                          5.48 kB
.svelte-kit/output/server/_app/immutable/assets/_page.yGe5uqi-.css                                          5.59 kB
.svelte-kit/output/server/_app/immutable/assets/_page.D0a0KCLb.css                                          6.37 kB
.svelte-kit/output/server/_app/immutable/assets/_page.DFA3bgi4.css                                          6.58 kB
.svelte-kit/output/server/_app/immutable/assets/_page.DuqEYl_M.css                                          6.69 kB
.svelte-kit/output/server/_app/immutable/assets/_page.7bjM2ic2.css                                          7.11 kB
.svelte-kit/output/server/_app/immutable/assets/ProfileFeed.T0ru-b-H.css                                    7.21 kB
.svelte-kit/output/server/_app/immutable/assets/PostCard.BBE2RCkl.css                                       7.84 kB
.svelte-kit/output/server/_app/immutable/assets/_page.CVmOBdjv.css                                          7.84 kB
.svelte-kit/output/server/_app/immutable/assets/_page.DKLsBrbP.css                                          8.23 kB
.svelte-kit/output/server/_app/immutable/assets/_page.CpogwRg1.css                                          8.32 kB
.svelte-kit/output/server/_app/immutable/assets/_page.WPTrzLN0.css                                          8.41 kB
.svelte-kit/output/server/_app/immutable/assets/_page.nsYItGmD.css                                          8.88 kB
.svelte-kit/output/server/_app/immutable/assets/FocusedPostPage.ZnJvh7j3.css                                9.92 kB
.svelte-kit/output/server/_app/immutable/assets/_page.BSnRyEfr.css                                         10.18 kB
.svelte-kit/output/server/_app/immutable/assets/ProtectedTopbar.BedhGdyr.css                               10.48 kB
.svelte-kit/output/server/_app/immutable/assets/_page.zkh1WWni.css                                         12.90 kB
.svelte-kit/output/server/_app/immutable/assets/_page.BiA2QAbV.css                                         13.38 kB
.svelte-kit/output/server/_app/immutable/assets/_page.DvzFZBof.css                                         14.82 kB
.svelte-kit/output/server/_app/immutable/assets/_page.ConybJ03.css                                         15.99 kB
.svelte-kit/output/server/_app/immutable/assets/_page.C0KzkHCM.css                                         22.24 kB
.svelte-kit/output/server/_app/immutable/assets/_page.C0O6RJjL.css                                         27.47 kB
.svelte-kit/output/server/_app/immutable/assets/_page.DMEsb-Pr.css                                         52.91 kB
.svelte-kit/output/server/_app/immutable/assets/_layout.BQLxO4BK.css                                       67.33 kB
.svelte-kit/output/server/entries/pages/p/_id_/_page.ts.js                                                  0.04 kB
.svelte-kit/output/server/chunks/false.js                                                                   0.04 kB
.svelte-kit/output/server/chunks/portableState.js                                                           0.08 kB
.svelte-kit/output/server/entries/endpoints/api/companions/_server.ts.js                                    0.08 kB
.svelte-kit/output/server/entries/pages/games/tiles-run/embed/_page.ts.js                                   0.10 kB
.svelte-kit/output/server/entries/pages/app/(protected)/messages/_page.server.ts.js                         0.10 kB
.svelte-kit/output/server/entries/pages/auth/_page.server.ts.js                                             0.13 kB
.svelte-kit/output/server/entries/pages/login/_page.server.ts.js                                            0.13 kB
.svelte-kit/output/server/entries/pages/app/auth/_page.server.ts.js                                         0.13 kB
.svelte-kit/output/server/chunks/date.js                                                                    0.15 kB
.svelte-kit/output/server/chunks/meaningfulInteraction.js                                                   0.16 kB
.svelte-kit/output/server/entries/fallbacks/layout.svelte.js                                                0.17 kB
.svelte-kit/output/server/entries/endpoints/api/leaderboard/_slug_/daily/_server.ts.js                      0.18 kB
.svelte-kit/output/server/entries/endpoints/api/leaderboard/_slug_/weekly/_server.ts.js                     0.18 kB
.svelte-kit/output/server/chunks/featureFlag.js                                                             0.18 kB
.svelte-kit/output/server/entries/endpoints/api/leaderboard/_slug_/alltime/_server.ts.js                    0.18 kB
.svelte-kit/output/server/entries/pages/app/(archive)/_layout.server.ts.js                                  0.20 kB
.svelte-kit/output/server/entries/pages/app/(game)/_layout.server.ts.js                                     0.20 kB
.svelte-kit/output/server/entries/pages/app/(protected)/creatures/_id_/_page.server.ts.js                   0.20 kB
.svelte-kit/output/server/entries/endpoints/api/xp/_server.ts.js                                            0.21 kB
.svelte-kit/output/server/chunks/companionReactions.js                                                      0.23 kB
.svelte-kit/output/server/chunks/analytics2.js                                                              0.27 kB
.svelte-kit/output/server/entries/pages/app/(protected)/creatures/_page.server.ts.js                        0.28 kB
.svelte-kit/output/server/chunks/shared-server.js                                                           0.28 kB
.svelte-kit/output/server/entries/endpoints/api/shop/orders/_server.ts.js                                   0.29 kB
.svelte-kit/output/server/entries/pages/app/(game)/_layout.svelte.js                                        0.29 kB
.svelte-kit/output/server/entries/endpoints/api/inventory/_server.ts.js                                     0.30 kB
.svelte-kit/output/server/entries/endpoints/api/shop/catalog/_server.ts.js                                  0.30 kB
.svelte-kit/output/server/entries/pages/_page.server.ts.js                                                  0.33 kB
.svelte-kit/output/server/chunks/index-server.js                                                            0.33 kB
.svelte-kit/output/server/entries/pages/app/(protected)/u/_handle_/_slug_/_page.svelte.js                   0.34 kB
.svelte-kit/output/server/entries/pages/app/(protected)/u/_handle_/p/_id_/_page.svelte.js                   0.34 kB
.svelte-kit/output/server/internal.js                                                                       0.38 kB
.svelte-kit/output/server/entries/pages/app/_page.server.ts.js                                              0.38 kB
.svelte-kit/output/server/chunks/state.svelte.js                                                            0.39 kB
.svelte-kit/output/server/chunks/safeMessages.js                                                            0.44 kB
.svelte-kit/output/server/chunks/audit2.js                                                                  0.44 kB
.svelte-kit/output/server/chunks/rateLimit.js                                                               0.45 kB
.svelte-kit/output/server/chunks/supabaseClient.js                                                          0.46 kB
.svelte-kit/output/server/entries/pages/app/(game)/games/arpg/_page.ts.js                                   0.48 kB
.svelte-kit/output/server/entries/pages/app/(game)/games/_slug_/_page.ts.js                                 0.48 kB
.svelte-kit/output/server/chunks/GlassCard.js                                                               0.49 kB
.svelte-kit/output/server/entries/endpoints/api/context/bundle/_server.ts.js                                0.50 kB
.svelte-kit/output/server/entries/endpoints/api/companions/rituals/_server.ts.js                            0.51 kB
.svelte-kit/output/server/entries/pages/app/(protected)/world/_page.server.ts.js                            0.51 kB
.svelte-kit/output/server/chunks/companionRituals.js                                                        0.51 kB
.svelte-kit/output/server/chunks/getPlayerStats.js                                                          0.54 kB
.svelte-kit/output/server/chunks/handle.js                                                                  0.54 kB
.svelte-kit/output/server/chunks/rewardHistory.js                                                           0.54 kB
.svelte-kit/output/server/entries/pages/app/(protected)/u/_handle_/_layout.svelte.js                        0.59 kB
.svelte-kit/output/server/entries/pages/app/(protected)/admin/moderation/_page.server.ts.js                 0.60 kB
.svelte-kit/output/server/chunks/state.js                                                                   0.60 kB
.svelte-kit/output/server/chunks/activeCompanion.js                                                         0.61 kB
.svelte-kit/output/server/chunks/environment.js                                                             0.62 kB
.svelte-kit/output/server/chunks/analytics.js                                                               0.63 kB
.svelte-kit/output/server/chunks/EmotionalChip.js                                                           0.64 kB
.svelte-kit/output/server/chunks/cases.js                                                                   0.65 kB
.svelte-kit/output/server/chunks/rate6.js                                                                   0.65 kB
.svelte-kit/output/server/chunks/client2.js                                                                 0.65 kB
.svelte-kit/output/server/entries/endpoints/api/analytics/log/_server.ts.js                                 0.66 kB
.svelte-kit/output/server/entries/endpoints/api/user-feed/_server.ts.js                                     0.68 kB
.svelte-kit/output/server/chunks/stores.js                                                                  0.69 kB
.svelte-kit/output/server/entries/fallbacks/error.svelte.js                                                 0.70 kB
.svelte-kit/output/server/chunks/ip.js                                                                      0.71 kB
.svelte-kit/output/server/chunks/device.js                                                                  0.71 kB
.svelte-kit/output/server/chunks/client.js                                                                  0.75 kB
.svelte-kit/output/server/entries/pages/games/tiles-run/embed/_page.svelte.js                               0.75 kB
.svelte-kit/output/server/entries/endpoints/api/trust/standing/_server.ts.js                                0.76 kB
.svelte-kit/output/server/chunks/momentum.js                                                                0.77 kB
.svelte-kit/output/server/entries/pages/app/(protected)/dev/traces/_page.server.ts.js                       0.78 kB
.svelte-kit/output/server/entries/pages/auth/callback/_page.svelte.js                                       0.80 kB
.svelte-kit/output/server/entries/pages/app/(protected)/games/_page.ts.js                                   0.81 kB
.svelte-kit/output/server/chunks/BackgroundStack.js                                                         0.82 kB
.svelte-kit/output/server/chunks/companionPersonalization.js                                                0.82 kB
.svelte-kit/output/server/chunks/moonberryUse.js                                                            0.84 kB
.svelte-kit/output/server/chunks/permalink.js                                                               0.84 kB
.svelte-kit/output/server/chunks/index.js                                                                   0.84 kB
.svelte-kit/output/server/entries/endpoints/api/companions/reorder/_server.ts.js                            0.88 kB
.svelte-kit/output/server/entries/endpoints/api/events/traces/_server.ts.js                                 0.88 kB
.svelte-kit/output/server/chunks/portableIdentity.js                                                        0.89 kB
.svelte-kit/output/server/chunks/Panel.js                                                                   0.90 kB
.svelte-kit/output/server/entries/endpoints/api/search/users/_server.ts.js                                  0.90 kB
.svelte-kit/output/server/entries/endpoints/api/companions/active/_server.ts.js                             0.90 kB
.svelte-kit/output/server/entries/endpoints/api/messenger/unread/_server.ts.js                              0.91 kB
.svelte-kit/output/server/entries/endpoints/api/profile/handle/availability/_server.ts.js                   0.92 kB
.svelte-kit/output/server/chunks/ShardIcon.js                                                               0.94 kB
.svelte-kit/output/server/entries/endpoints/api/context/_server.ts.js                                       0.95 kB
.svelte-kit/output/server/chunks/redirectHelpers.js                                                         0.95 kB
.svelte-kit/output/server/entries/endpoints/api/followers/_server.ts.js                                     0.97 kB
.svelte-kit/output/server/entries/endpoints/api/following/_server.ts.js                                     0.97 kB
.svelte-kit/output/server/chunks/subscriptions.js                                                           1.02 kB
.svelte-kit/output/server/entries/endpoints/api/games/config/_server.ts.js                                  1.03 kB
.svelte-kit/output/server/entries/endpoints/api/safety/unblock/_server.ts.js                                1.03 kB
.svelte-kit/output/server/chunks/persona.js                                                                 1.07 kB
.svelte-kit/output/server/entries/pages/app/(protected)/admin/players/_id_/companions/_page.server.ts.js    1.08 kB
.svelte-kit/output/server/entries/endpoints/api/comments/_parent_/replies/_server.ts.js                     1.09 kB
.svelte-kit/output/server/entries/pages/app/(auth)/_layout.svelte.js                                        1.10 kB
.svelte-kit/output/server/chunks/bond2.js                                                                   1.10 kB
.svelte-kit/output/server/chunks/ingest.js                                                                  1.10 kB
.svelte-kit/output/server/chunks/admin-guard.js                                                             1.10 kB
.svelte-kit/output/server/entries/endpoints/api/companions/state/_server.ts.js                              1.12 kB
.svelte-kit/output/server/entries/pages/maintenance/_page.svelte.js                                         1.12 kB
.svelte-kit/output/server/chunks/privacy.js                                                                 1.13 kB
.svelte-kit/output/server/entries/endpoints/api/companions/slots/license/_server.ts.js                      1.14 kB
.svelte-kit/output/server/entries/endpoints/api/companions/rename/_server.ts.js                             1.17 kB
.svelte-kit/output/server/entries/endpoints/app/(protected)/profile/featured-companion/_server.ts.js        1.17 kB
.svelte-kit/output/server/chunks/economy.js                                                                 1.18 kB
.svelte-kit/output/server/entries/endpoints/api/admin/anomalies/_id_/review/_server.ts.js                   1.19 kB
.svelte-kit/output/server/entries/endpoints/app/(protected)/profile/handle/_server.ts.js                    1.19 kB
.svelte-kit/output/server/chunks/blocks.js                                                                  1.21 kB
.svelte-kit/output/server/entries/endpoints/api/messenger/read/_server.ts.js                                1.21 kB
.svelte-kit/output/server/entries/endpoints/api/companions/list/_server.ts.js                               1.22 kB
.svelte-kit/output/server/chunks/cosmetics.js                                                               1.23 kB
.svelte-kit/output/server/entries/endpoints/api/messenger/block/_server.ts.js                               1.23 kB
.svelte-kit/output/server/entries/endpoints/api/privacy/follow-status/_server.ts.js                         1.25 kB
.svelte-kit/output/server/entries/endpoints/api/follow/status/_server.ts.js                                 1.27 kB
.svelte-kit/output/server/chunks/safety.js                                                                  1.27 kB
.svelte-kit/output/server/chunks/rate4.js                                                                   1.27 kB
.svelte-kit/output/server/entries/pages/app/(protected)/shop/_layout.svelte.js                              1.29 kB
.svelte-kit/output/server/entries/endpoints/app/(protected)/t/_slug_/_server.ts.js                          1.32 kB
.svelte-kit/output/server/entries/endpoints/api/privacy/follow-deny/_server.ts.js                           1.32 kB
.svelte-kit/output/server/entries/endpoints/app/(protected)/thread/_id_/_server.ts.js                       1.33 kB
.svelte-kit/output/server/entries/endpoints/api/privacy/follow-approve/_server.ts.js                        1.33 kB
.svelte-kit/output/server/entries/endpoints/api/privacy/follow-request/_server.ts.js                        1.34 kB
.svelte-kit/output/server/chunks/share-utils.js                                                             1.35 kB
.svelte-kit/output/server/chunks/shared.js                                                                  1.35 kB
.svelte-kit/output/server/entries/endpoints/api/circles/member/kick/_server.ts.js                           1.35 kB
.svelte-kit/output/server/chunks/index6.js                                                                  1.42 kB
.svelte-kit/output/server/chunks/moodMeta.js                                                                1.44 kB
.svelte-kit/output/server/entries/endpoints/api/companions/slots/_server.ts.js                              1.45 kB
.svelte-kit/output/server/entries/endpoints/api/safety/block/_server.ts.js                                  1.45 kB
.svelte-kit/output/server/entries/endpoints/api/circles/member/role/_server.ts.js                           1.46 kB
.svelte-kit/output/server/entries/pages/app/auth/_page.svelte.js                                            1.48 kB
.svelte-kit/output/server/entries/endpoints/api/circles/leave/_server.ts.js                                 1.49 kB
.svelte-kit/output/server/entries/endpoints/api/achievements/catalog/_server.ts.js                          1.49 kB
.svelte-kit/output/server/chunks/rate3.js                                                                   1.50 kB
.svelte-kit/output/server/entries/endpoints/api/analytics/_server.ts.js                                     1.52 kB
.svelte-kit/output/server/chunks/hmac.js                                                                    1.53 kB
.svelte-kit/output/server/entries/endpoints/api/moderation/case/assign/_server.ts.js                        1.54 kB
.svelte-kit/output/server/entries/endpoints/api/energy/_server.ts.js                                        1.55 kB
.svelte-kit/output/server/entries/pages/app/(protected)/onboarding/companion/_page.server.ts.js             1.55 kB
.svelte-kit/output/server/entries/endpoints/api/follow/_server.ts.js                                        1.57 kB
.svelte-kit/output/server/entries/pages/app/(protected)/u/_handle_/p/_id_/_page.server.ts.js                1.57 kB
.svelte-kit/output/server/entries/endpoints/api/notifications/read/_server.ts.js                            1.57 kB
.svelte-kit/output/server/entries/pages/app/(protected)/u/_handle_/_slug_/_page.server.ts.js                1.59 kB
.svelte-kit/output/server/chunks/escaping.js                                                                1.64 kB
.svelte-kit/output/server/entries/pages/app/(protected)/admin/games/_page.server.ts.js                      1.64 kB
.svelte-kit/output/server/entries/endpoints/api/safety/report/_server.ts.js                                 1.65 kB
.svelte-kit/output/server/entries/endpoints/app/(protected)/profile/upload/avatar/_server.ts.js             1.67 kB
.svelte-kit/output/server/entries/endpoints/app/(protected)/profile/upload/banner/_server.ts.js             1.67 kB
.svelte-kit/output/server/chunks/MemvoyaBrand.js                                                            1.67 kB
.svelte-kit/output/server/entries/endpoints/app/(protected)/admin/shop/images/_server.ts.js                 1.71 kB
.svelte-kit/output/server/entries/pages/app/(protected)/admin/reports/_page.server.ts.js                    1.71 kB
.svelte-kit/output/server/chunks/auth.js                                                                    1.71 kB
.svelte-kit/output/server/entries/endpoints/api/persona/reset/_server.ts.js                                 1.72 kB
.svelte-kit/output/server/entries/endpoints/api/friends/unfriend/_server.ts.js                              1.73 kB
.svelte-kit/output/server/chunks/log.js                                                                     1.80 kB
.svelte-kit/output/server/entries/endpoints/api/friends/cancel/_server.ts.js                                1.81 kB
.svelte-kit/output/server/entries/endpoints/api/friends/decline/_server.ts.js                               1.81 kB
.svelte-kit/output/server/chunks/server.js                                                                  1.83 kB
.svelte-kit/output/server/entries/endpoints/api/presence/_server.ts.js                                      1.83 kB
.svelte-kit/output/server/entries/endpoints/api/circles/join/_server.ts.js                                  1.84 kB
.svelte-kit/output/server/entries/endpoints/api/sanctuary/interact/_server.ts.js                            1.87 kB
.svelte-kit/output/server/entries/endpoints/api/moderation/trust/set/_server.ts.js                          1.91 kB
.svelte-kit/output/server/chunks/userContext.js                                                             1.92 kB
.svelte-kit/output/server/entries/pages/app/(protected)/admin/players/_id_/inventory/_page.server.ts.js     1.95 kB
.svelte-kit/output/server/chunks/admin.js                                                                   1.97 kB
.svelte-kit/output/server/entries/pages/app/(protected)/wallet/_page.server.ts.js                           1.98 kB
.svelte-kit/output/server/chunks/safeApiError.js                                                            1.99 kB
.svelte-kit/output/server/entries/endpoints/api/presence/settings/_server.ts.js                             2.00 kB
.svelte-kit/output/server/entries/endpoints/api/moderation/action/_server.ts.js                             2.01 kB
.svelte-kit/output/server/entries/endpoints/api/feedback/_server.ts.js                                      2.01 kB
.svelte-kit/output/server/chunks/index3.js                                                                  2.03 kB
.svelte-kit/output/server/entries/endpoints/api/circles/events/delete/_server.ts.js                         2.04 kB
.svelte-kit/output/server/chunks/SanctuaryPageFrame.js                                                      2.10 kB
.svelte-kit/output/server/entries/endpoints/api/messenger/report/_server.ts.js                              2.10 kB
.svelte-kit/output/server/entries/endpoints/api/posts/_id_/react/_server.ts.js                              2.11 kB
.svelte-kit/output/server/chunks/supabase.js                                                                2.11 kB
.svelte-kit/output/server/chunks/Modal.js                                                                   2.12 kB
.svelte-kit/output/server/chunks/index7.js                                                                  2.15 kB
.svelte-kit/output/server/entries/endpoints/api/profile/_author_/posts/_server.ts.js                        2.15 kB
.svelte-kit/output/server/chunks/rate.js                                                                    2.16 kB
.svelte-kit/output/server/entries/endpoints/api/econ/wallet/_server.ts.js                                   2.19 kB
.svelte-kit/output/server/chunks/rate5.js                                                                   2.19 kB
.svelte-kit/output/server/entries/endpoints/api/achievements/me/_server.ts.js                               2.27 kB
.svelte-kit/output/server/entries/pages/_layout.server.ts.js                                                2.28 kB
.svelte-kit/output/server/entries/endpoints/api/messenger/message/delete/_server.ts.js                      2.29 kB
.svelte-kit/output/server/chunks/audio.js                                                                   2.33 kB
.svelte-kit/output/server/entries/endpoints/api/friends/accept/_server.ts.js                                2.35 kB
.svelte-kit/output/server/entries/pages/app/(protected)/shop/_page.server.ts.js                             2.35 kB
.svelte-kit/output/server/entries/endpoints/api/events/rsvp/_server.ts.js                                   2.36 kB
.svelte-kit/output/server/entries/endpoints/api/messenger/react/_server.ts.js                               2.36 kB
.svelte-kit/output/server/entries/endpoints/api/profile/featured-keepsake/_server.ts.js                     2.40 kB
.svelte-kit/output/server/entries/endpoints/api/companions/ambient/_server.ts.js                            2.42 kB
.svelte-kit/output/server/entries/endpoints/api/circles/announce/_server.ts.js                              2.44 kB
.svelte-kit/output/server/entries/pages/app/(protected)/world/_page.svelte.js                               2.45 kB
.svelte-kit/output/server/entries/endpoints/api/companions/memory-summary/_server.ts.js                     2.45 kB
.svelte-kit/output/server/entries/endpoints/api/companions/events/_server.ts.js                             2.47 kB
.svelte-kit/output/server/entries/endpoints/api/items/moonberry/share/_server.ts.js                         2.48 kB
.svelte-kit/output/server/entries/endpoints/api/missions/sessions/_server.ts.js                             2.51 kB
.svelte-kit/output/server/entries/endpoints/api/circles/list/_server.ts.js                                  2.54 kB
.svelte-kit/output/server/entries/pages/app/(protected)/sanctuary/_page.server.ts.js                        2.56 kB
.svelte-kit/output/server/entries/pages/app/(protected)/admin/anti-cheat/_page.server.ts.js                 2.57 kB
.svelte-kit/output/server/entries/endpoints/api/messenger/message/edit/_server.ts.js                        2.63 kB
.svelte-kit/output/server/chunks/rate2.js                                                                   2.63 kB
.svelte-kit/output/server/entries/pages/app/(protected)/dashboard/_page.server.ts.js                        2.64 kB
.svelte-kit/output/server/entries/pages/app/(archive)/games/tiles-run/_page.svelte.js                       2.67 kB
.svelte-kit/output/server/entries/pages/p/_id_/_page.server.ts.js                                           2.68 kB
.svelte-kit/output/server/entries/pages/_layout.svelte.js                                                   2.70 kB
.svelte-kit/output/server/entries/endpoints/api/companions/portrait/_server.ts.js                           2.71 kB
.svelte-kit/output/server/entries/pages/app/(protected)/admin/players/_id_/companions/_page.svelte.js       2.73 kB
.svelte-kit/output/server/entries/pages/app/_page.svelte.js                                                 2.73 kB
.svelte-kit/output/server/entries/endpoints/api/circles/create/_server.ts.js                                2.76 kB
.svelte-kit/output/server/chunks/evolution.js                                                               2.77 kB
.svelte-kit/output/server/chunks/index4.js                                                                  2.80 kB
.svelte-kit/output/server/chunks/hooks.server.js                                                            2.84 kB
.svelte-kit/output/server/entries/endpoints/api/home/checkin/_server.ts.js                                  2.87 kB
.svelte-kit/output/server/entries/endpoints/api/persona/spawn/_server.ts.js                                 2.88 kB
.svelte-kit/output/server/chunks/index5.js                                                                  2.89 kB
.svelte-kit/output/server/chunks/AvatarImage.js                                                             2.91 kB
.svelte-kit/output/server/chunks/personalization.js                                                         2.94 kB
.svelte-kit/output/server/entries/endpoints/api/friends/list/_server.ts.js                                  2.97 kB
.svelte-kit/output/server/entries/endpoints/api/cloudweave/clear/_server.ts.js                              2.99 kB
.svelte-kit/output/server/entries/pages/app/(protected)/admin/reports/_page.svelte.js                       3.00 kB
.svelte-kit/output/server/entries/endpoints/api/moderation/case/resolve/_server.ts.js                       3.02 kB
.svelte-kit/output/server/chunks/config2.js                                                                 3.06 kB
.svelte-kit/output/server/entries/pages/app/(auth)/login/_page.svelte.js                                    3.07 kB
.svelte-kit/output/server/entries/pages/app/(protected)/admin/players/_id_/inventory/_page.svelte.js        3.09 kB
.svelte-kit/output/server/entries/endpoints/app/(protected)/profile/details/_server.ts.js                   3.12 kB
.svelte-kit/output/server/entries/pages/app/(auth)/signup/_page.svelte.js                                   3.18 kB
.svelte-kit/output/server/entries/endpoints/api/persona/save/_server.ts.js                                  3.18 kB
.svelte-kit/output/server/chunks/companions.js                                                              3.24 kB
.svelte-kit/output/server/chunks/index2.js                                                                  3.24 kB
.svelte-kit/output/server/chunks/portableCompanions.js                                                      3.25 kB
.svelte-kit/output/server/entries/pages/app/(protected)/admin/games/_page.svelte.js                         3.27 kB
.svelte-kit/output/server/entries/pages/app/(protected)/alpha/_page.svelte.js                               3.30 kB
.svelte-kit/output/server/entries/endpoints/api/events/upcoming/_server.ts.js                               3.33 kB
.svelte-kit/output/server/chunks/ParticlesLayer.js                                                          3.35 kB
.svelte-kit/output/server/entries/endpoints/api/creatures/_server.ts.js                                     3.37 kB
.svelte-kit/output/server/chunks/ReportModal.js                                                             3.42 kB
.svelte-kit/output/server/entries/endpoints/api/notifications/_server.ts.js                                 3.42 kB
.svelte-kit/output/server/entries/endpoints/api/billing/create-checkout-session/_server.ts.js               3.44 kB
.svelte-kit/output/server/entries/endpoints/api/messenger/dm/start/_server.ts.js                            3.45 kB
.svelte-kit/output/server/chunks/utils.js                                                                   3.48 kB
.svelte-kit/output/server/chunks/guard.js                                                                   3.53 kB
.svelte-kit/output/server/entries/endpoints/api/companions/customize/_server.ts.js                          3.54 kB
.svelte-kit/output/server/chunks/consent.js                                                                 3.56 kB
.svelte-kit/output/server/entries/endpoints/api/circles/events/_server.ts.js                                3.57 kB
.svelte-kit/output/server/chunks/discovery.js                                                               3.60 kB
.svelte-kit/output/server/entries/endpoints/api/shop/price/_server.ts.js                                    3.60 kB
.svelte-kit/output/server/chunks/audit.js                                                                   3.64 kB
.svelte-kit/output/server/entries/endpoints/api/companions/set-active/_server.ts.js                         3.64 kB
.svelte-kit/output/server/entries/pages/app/(protected)/creatures/_page.svelte.js                           3.66 kB
.svelte-kit/output/server/entries/endpoints/api/reactions/post/_server.ts.js                                3.72 kB
.svelte-kit/output/server/chunks/x.js                                                                       3.76 kB
.svelte-kit/output/server/chunks/actions.js                                                                 3.77 kB
.svelte-kit/output/server/entries/endpoints/api/circles/events/update/_server.ts.js                         3.81 kB
.svelte-kit/output/server/entries/endpoints/api/shares/_server.ts.js                                        3.81 kB
.svelte-kit/output/server/chunks/billing.js                                                                 3.83 kB
.svelte-kit/output/server/chunks/rate7.js                                                                   3.87 kB
.svelte-kit/output/server/entries/pages/app/(protected)/dev/traces/_page.svelte.js                          3.89 kB
.svelte-kit/output/server/chunks/media.js                                                                   3.89 kB
.svelte-kit/output/server/chunks/tweened.js                                                                 3.89 kB
.svelte-kit/output/server/chunks/bond.js                                                                    3.93 kB
.svelte-kit/output/server/entries/endpoints/api/friends/request/_server.ts.js                               3.96 kB
.svelte-kit/output/server/chunks/store.js                                                                   4.00 kB
.svelte-kit/output/server/chunks/follows.js                                                                 4.03 kB
.svelte-kit/output/server/entries/endpoints/api/reactions/comment/_server.ts.js                             4.05 kB
.svelte-kit/output/server/entries/endpoints/api/friends/requests/_server.ts.js                              4.06 kB
.svelte-kit/output/server/chunks/pencil.js                                                                  4.10 kB
.svelte-kit/output/server/entries/endpoints/api/circles/detail/_server.ts.js                                4.14 kB
.svelte-kit/output/server/chunks/engagement.js                                                              4.15 kB
.svelte-kit/output/server/entries/pages/app/(protected)/u/_handle_/_layout.server.ts.js                     4.16 kB
.svelte-kit/output/server/chunks/LeaderboardList.js                                                         4.19 kB
.svelte-kit/output/server/entries/endpoints/api/messenger/gif/search/_server.ts.js                          4.19 kB
.svelte-kit/output/server/entries/endpoints/api/games/player/state/_server.ts.js                            4.23 kB
.svelte-kit/output/server/chunks/sliders-horizontal.js                                                      4.30 kB
.svelte-kit/output/server/chunks/tree.js                                                                    4.34 kB
.svelte-kit/output/server/entries/endpoints/api/circles/events/create/_server.ts.js                         4.50 kB
.svelte-kit/output/server/chunks/Icon.js                                                                    4.54 kB
.svelte-kit/output/server/entries/pages/app/(protected)/creatures/_id_/_page.svelte.js                      4.56 kB
.svelte-kit/output/server/chunks/sparkles.js                                                                4.58 kB
.svelte-kit/output/server/entries/pages/app/(game)/games/arpg/_page.svelte.js                               4.65 kB
.svelte-kit/output/server/chunks/effectiveState.js                                                          4.68 kB
.svelte-kit/output/server/chunks/leaderboard-api.js                                                         4.71 kB
.svelte-kit/output/server/entries/endpoints/api/events/reminders/pull/_server.ts.js                         4.72 kB
.svelte-kit/output/server/entries/pages/app/(protected)/notifications/_page.server.ts.js                    4.73 kB
.svelte-kit/output/server/entries/endpoints/api/games/sign/_server.ts.js                                    4.78 kB
.svelte-kit/output/server/entries/pages/app/(protected)/circles/_page.server.ts.js                          4.80 kB
.svelte-kit/output/server/entries/endpoints/api/econ/grant/_server.ts.js                                    4.81 kB
.svelte-kit/output/server/entries/endpoints/api/messenger/gif/post/_server.ts.js                            4.81 kB
.svelte-kit/output/server/entries/endpoints/api/world/ticket/_server.ts.js                                  4.86 kB
.svelte-kit/output/server/entries/endpoints/api/companions/rituals/act/_server.ts.js                        5.07 kB
.svelte-kit/output/server/entries/pages/app/(protected)/admin/roles/_page.server.ts.js                      5.27 kB
.svelte-kit/output/server/entries/pages/app/(protected)/admin/shop/_page.server.ts.js                       5.28 kB
.svelte-kit/output/server/entries/endpoints/api/posts/_server.ts.js                                         5.31 kB
.svelte-kit/output/server/chunks/exports.js                                                                 5.52 kB
.svelte-kit/output/server/entries/endpoints/api/billing/stripe-webhook/_server.ts.js                        5.66 kB
.svelte-kit/output/server/chunks/archetypes.js                                                              5.83 kB
.svelte-kit/output/server/entries/endpoints/api/messenger/upload/prepare/_server.ts.js                      5.94 kB
.svelte-kit/output/server/entries/endpoints/api/messenger/conversations/_server.ts.js                       5.96 kB
.svelte-kit/output/server/chunks/rituals.js                                                                 6.09 kB
.svelte-kit/output/server/entries/pages/app/(protected)/onboarding/companion/_page.svelte.js                6.10 kB
.svelte-kit/output/server/entries/pages/app/(protected)/admin/anti-cheat/_page.svelte.js                    6.10 kB
.svelte-kit/output/server/entries/pages/app/(protected)/events/_page.svelte.js                              6.13 kB
.svelte-kit/output/server/entries/endpoints/api/sanctuary/placement/_server.ts.js                           6.23 kB
.svelte-kit/output/server/chunks/emotionalProfile.js                                                        6.30 kB
.svelte-kit/output/server/entries/pages/app/(protected)/admin/shop/_page.svelte.js                          6.32 kB
.svelte-kit/output/server/chunks/proofIntegrity.js                                                          6.38 kB
.svelte-kit/output/server/entries/pages/app/(protected)/admin/players/_page.server.ts.js                    6.43 kB
.svelte-kit/output/server/entries/pages/app/(protected)/friends/_page.svelte.js                             6.44 kB
.svelte-kit/output/server/entries/endpoints/api/recs/people/_server.ts.js                                   6.56 kB
.svelte-kit/output/server/entries/endpoints/api/social/share/achievement/_server.ts.js                      6.57 kB
.svelte-kit/output/server/entries/pages/app/(protected)/admin/analytics/_page.server.ts.js                  6.65 kB
.svelte-kit/output/server/entries/endpoints/api/econ/spend/_server.ts.js                                    6.68 kB
.svelte-kit/output/server/entries/endpoints/api/home/presence/_server.ts.js                                 6.70 kB
.svelte-kit/output/server/entries/pages/studio/_page.svelte.js                                              6.73 kB
.svelte-kit/output/server/entries/pages/app/(protected)/admin/roles/_page.svelte.js                         6.80 kB
.svelte-kit/output/server/entries/pages/app/(protected)/admin/moderation/_page.svelte.js                    6.91 kB
.svelte-kit/output/server/chunks/settlement.js                                                              6.96 kB
.svelte-kit/output/server/entries/endpoints/api/moderation/cases/_server.ts.js                              7.07 kB
.svelte-kit/output/server/entries/endpoints/api/games/session/start/_server.ts.js                           7.09 kB
.svelte-kit/output/server/entries/endpoints/api/og/profile/_server.ts.js                                    7.13 kB
.svelte-kit/output/server/entries/pages/app/(protected)/u/_handle_/_page.server.ts.js                       7.14 kB
.svelte-kit/output/server/chunks/emotionalState.js                                                          7.14 kB
.svelte-kit/output/server/entries/pages/app/(protected)/missions/_id_/_page.server.ts.js                    7.27 kB
.svelte-kit/output/server/chunks/focused-load.js                                                            7.47 kB
.svelte-kit/output/server/chunks/MentionAutocomplete.js                                                     7.48 kB
.svelte-kit/output/server/chunks/story.js                                                                   7.52 kB
.svelte-kit/output/server/chunks/chevron-down.js                                                            7.72 kB
.svelte-kit/output/server/entries/endpoints/api/social/share/run/_server.ts.js                              8.00 kB
.svelte-kit/output/server/entries/endpoints/api/cloudweave/import/_server.ts.js                             8.07 kB
.svelte-kit/output/server/entries/endpoints/api/cloudweave/export/_server.ts.js                             8.07 kB
.svelte-kit/output/server/chunks/CompanionCard.js                                                           8.12 kB
.svelte-kit/output/server/entries/pages/app/(protected)/u/_handle_/_page.svelte.js                          8.23 kB
.svelte-kit/output/server/entries/endpoints/api/companions/care/_server.ts.js                               8.33 kB
.svelte-kit/output/server/entries/endpoints/api/messenger/messages/_server.ts.js                            8.51 kB
.svelte-kit/output/server/entries/pages/_page.svelte.js                                                     8.53 kB
.svelte-kit/output/server/entries/endpoints/api/context/portable/_server.ts.js                              8.55 kB
.svelte-kit/output/server/entries/pages/app/(protected)/notifications/_page.svelte.js                       8.88 kB
.svelte-kit/output/server/chunks/trophy.js                                                                  8.97 kB
.svelte-kit/output/server/entries/pages/app/(protected)/circles/_page.svelte.js                             9.35 kB
.svelte-kit/output/server/entries/pages/app/(protected)/inventory/_page.server.ts.js                        9.44 kB
.svelte-kit/output/server/entries/endpoints/api/comments/_server.ts.js                                      9.56 kB
.svelte-kit/output/server/entries/pages/app/(protected)/admin/analytics/_page.svelte.js                     9.61 kB
.svelte-kit/output/server/chunks/trust.js                                                                   9.62 kB
.svelte-kit/output/server/chunks/notifications.js                                                           9.63 kB
.svelte-kit/output/server/chunks/config.js                                                                  9.65 kB
.svelte-kit/output/server/chunks/memorySummary.js                                                           9.75 kB
.svelte-kit/output/server/entries/pages/app/(protected)/missions/_page.server.ts.js                         9.84 kB
.svelte-kit/output/server/entries/endpoints/api/shop/purchase/_server.ts.js                                 9.96 kB
.svelte-kit/output/server/chunks/AchievementsPanel.js                                                      10.02 kB
.svelte-kit/output/server/entries/endpoints/api/messenger/send/_server.ts.js                               10.14 kB
.svelte-kit/output/server/entries/pages/u/_handle_/_page.server.ts.js                                      10.47 kB
.svelte-kit/output/server/entries/pages/u/_handle_/_page.svelte.js                                         10.69 kB
.svelte-kit/output/server/entries/pages/app/(protected)/_layout.svelte.js                                  10.78 kB
.svelte-kit/output/server/chunks/rate8.js                                                                  10.79 kB
.svelte-kit/output/server/entries/pages/app/(protected)/dashboard/_page.svelte.js                          10.85 kB
.svelte-kit/output/server/entries/pages/app/(protected)/admin/players/_page.svelte.js                      10.90 kB
.svelte-kit/output/server/chunks/elements.js                                                               11.04 kB
.svelte-kit/output/server/entries/pages/app/(protected)/missions/_id_/_page.svelte.js                      11.98 kB
.svelte-kit/output/server/entries/pages/app/(protected)/admin/_page.server.ts.js                           12.06 kB
.svelte-kit/output/server/entries/endpoints/api/games/session/complete/_server.ts.js                       12.20 kB
.svelte-kit/output/server/chunks/relationshipState.js                                                      12.49 kB
.svelte-kit/output/server/entries/endpoints/api/missions/start/_server.ts.js                               12.73 kB
.svelte-kit/output/server/entries/pages/app/(protected)/companions/_page.server.ts.js                      12.96 kB
.svelte-kit/output/server/entries/endpoints/api/companions/tick/_server.ts.js                              13.23 kB
.svelte-kit/output/server/entries/pages/app/(protected)/games/_page.svelte.js                              13.37 kB
.svelte-kit/output/server/entries/pages/app/(protected)/profile/_page.server.ts.js                         14.19 kB
.svelte-kit/output/server/entries/pages/app/(protected)/wallet/_page.svelte.js                             14.37 kB
.svelte-kit/output/server/entries/pages/app/(protected)/sanctuary/_page.svelte.js                          15.35 kB
.svelte-kit/output/server/entries/pages/app/(protected)/preferences/_page.svelte.js                        15.46 kB
.svelte-kit/output/server/chunks/bonds.js                                                                  15.82 kB
.svelte-kit/output/server/entries/pages/app/(protected)/missions/_page.svelte.js                           16.03 kB
.svelte-kit/output/server/remote-entry.js                                                                  16.31 kB
.svelte-kit/output/server/entries/pages/app/(protected)/_layout.server.ts.js                               17.96 kB
.svelte-kit/output/server/chunks/purchase.js                                                               18.09 kB
.svelte-kit/output/server/entries/endpoints/api/home/reconnect/_server.ts.js                               18.21 kB
.svelte-kit/output/server/entries/pages/app/(game)/games/dodge/_page.svelte.js                             18.83 kB
.svelte-kit/output/server/chunks/wind.js                                                                   21.26 kB
.svelte-kit/output/server/chunks/getContextBundle.js                                                       22.51 kB
.svelte-kit/output/server/entries/endpoints/api/missions/complete/_server.ts.js                            22.73 kB
.svelte-kit/output/server/chunks/FocusedPostPage.js                                                        23.41 kB
.svelte-kit/output/server/entries/pages/app/(protected)/shop/_page.svelte.js                               25.37 kB
.svelte-kit/output/server/chunks/index8.js                                                                 26.40 kB
.svelte-kit/output/server/entries/pages/app/(protected)/admin/_page.svelte.js                              27.38 kB
.svelte-kit/output/server/entries/pages/p/_id_/_page.svelte.js                                             28.10 kB
.svelte-kit/output/server/chunks/AchievementIcon.js                                                        29.55 kB
.svelte-kit/output/server/chunks/internal.js                                                               30.12 kB
.svelte-kit/output/server/chunks/journal.js                                                                31.01 kB
.svelte-kit/output/server/entries/pages/app/(protected)/home/_page.svelte.js                               31.02 kB
.svelte-kit/output/server/chunks/ProtectedTopbar.js                                                        31.09 kB
.svelte-kit/output/server/entries/pages/app/(protected)/profile/_page.svelte.js                            32.63 kB
.svelte-kit/output/server/entries/pages/app/(protected)/memory/_page.server.ts.js                          32.64 kB
.svelte-kit/output/server/chunks/ProfileFeed.svelte_svelte_type_style_lang.js                              36.58 kB
.svelte-kit/output/server/entries/pages/app/(game)/games/_slug_/_page.svelte.js                            37.82 kB
.svelte-kit/output/server/entries/pages/app/(game)/games/runner/_page.svelte.js                            38.24 kB
.svelte-kit/output/server/entries/pages/app/(protected)/memory/_page.svelte.js                             44.51 kB
.svelte-kit/output/server/entries/pages/app/(protected)/inventory/_page.svelte.js                          44.74 kB
.svelte-kit/output/server/chunks/context.js                                                                48.24 kB
.svelte-kit/output/server/entries/pages/app/(protected)/messages/_page.svelte.js                           49.23 kB
.svelte-kit/output/server/entries/pages/app/(protected)/home/_page.server.ts.js                            51.21 kB
.svelte-kit/output/server/entries/endpoints/api/events/ingest/_server.ts.js                                74.70 kB
.svelte-kit/output/server/index.js                                                                        126.11 kB
.svelte-kit/output/server/entries/pages/app/(protected)/companions/_page.svelte.js                        181.82 kB
✓ built in 1m 23s

Run npm run preview to preview your production build locally.

> Using @sveltejs/adapter-vercel
  ✔ done
npm notice
npm notice New major version of npm available! 11.9.0 -> 12.2.0
npm notice Changelog: https://github.com/npm/cli/releases/tag/v12.2.0
npm notice To update run: npm install -g npm@12.2.0
npm notice
